// Jest Snapshot v1, https://goo.gl/fbAQLP

exports[`nestAction(pathname, receivedAction, prevLocation, history, kind?) nestAction properly formats/nests action object 1`] = `
Object {
  "meta": Object {
    "info": "something",
    "location": Object {
      "current": Object {
        "pathname": "/path",
        "payload": Object {
          "bar": "baz",
        },
        "type": "FOO",
      },
      "history": undefined,
      "kind": undefined,
      "prev": Object {
        "pathname": "previous",
        "payload": Object {
          "bla": "prev",
        },
        "type": "PREV",
      },
    },
  },
  "payload": Object {
    "bar": "baz",
  },
  "type": "FOO",
}
`;

exports[`nestAction(pathname, receivedAction, prevLocation, history, kind?) nestHistory formats simplified history object for action + state 1`] = `
Object {
  "entries": Array [
    Object {
      "hash": "",
      "key": "345678",
      "pathname": "/",
      "search": "",
      "state": undefined,
    },
    Object {
      "hash": "",
      "key": "345678",
      "pathname": "/foo",
      "search": "",
      "state": undefined,
    },
    Object {
      "hash": "",
      "key": "345678",
      "pathname": "/bar/baz",
      "search": "",
      "state": undefined,
    },
  ],
  "index": 2,
  "length": 3,
}
`;
